// Jest Snapshot v1, https://goo.gl/fbAQLP

exports[`ProductList should render correctly in "debug" mode 1`] = `
<div
  className="productlist__container"
/>
`;
